mode: set
septica-backend/internal/ai/ai_matchmaking_manager.go:44.56,59.2 4 1
septica-backend/internal/ai/ai_matchmaking_manager.go:79.108,94.2 3 1
septica-backend/internal/ai/ai_matchmaking_manager.go:97.46,98.23 1 0
septica-backend/internal/ai/ai_matchmaking_manager.go:98.23,101.3 2 0
septica-backend/internal/ai/ai_matchmaking_manager.go:103.2,103.17 1 0
septica-backend/internal/ai/ai_matchmaking_manager.go:103.17,105.3 1 0
septica-backend/internal/ai/ai_matchmaking_manager.go:107.2,115.12 5 0
septica-backend/internal/ai/ai_matchmaking_manager.go:119.39,120.18 1 1
septica-backend/internal/ai/ai_matchmaking_manager.go:120.18,122.3 1 1
septica-backend/internal/ai/ai_matchmaking_manager.go:124.2,126.33 2 0
septica-backend/internal/ai/ai_matchmaking_manager.go:126.33,128.3 1 0
septica-backend/internal/ai/ai_matchmaking_manager.go:130.2,134.38 3 0
septica-backend/internal/ai/ai_matchmaking_manager.go:134.38,136.3 1 0
septica-backend/internal/ai/ai_matchmaking_manager.go:137.2,140.49 3 0
septica-backend/internal/ai/ai_matchmaking_manager.go:144.53,147.6 2 0
septica-backend/internal/ai/ai_matchmaking_manager.go:147.6,148.10 1 0
septica-backend/internal/ai/ai_matchmaking_manager.go:149.33,150.34 1 0
septica-backend/internal/ai/ai_matchmaking_manager.go:151.21,153.10 2 0
septica-backend/internal/ai/ai_matchmaking_manager.go:159.61,167.26 3 0
septica-backend/internal/ai/ai_matchmaking_manager.go:167.26,190.3 5 0
septica-backend/internal/ai/ai_matchmaking_manager.go:193.2,193.52 1 0
septica-backend/internal/ai/ai_matchmaking_manager.go:193.52,194.51 1 0
septica-backend/internal/ai/ai_matchmaking_manager.go:194.51,196.4 1 0
septica-backend/internal/ai/ai_matchmaking_manager.go:202.84,207.46 3 0
septica-backend/internal/ai/ai_matchmaking_manager.go:207.46,208.52 1 0
septica-backend/internal/ai/ai_matchmaking_manager.go:208.52,210.86 2 0
septica-backend/internal/ai/ai_matchmaking_manager.go:210.86,212.5 1 0
septica-backend/internal/ai/ai_matchmaking_manager.go:216.2,216.45 1 0
septica-backend/internal/ai/ai_matchmaking_manager.go:216.45,218.3 1 0
septica-backend/internal/ai/ai_matchmaking_manager.go:221.2,225.48 4 0
septica-backend/internal/ai/ai_matchmaking_manager.go:225.48,230.3 2 0
septica-backend/internal/ai/ai_matchmaking_manager.go:233.2,233.89 1 0
septica-backend/internal/ai/ai_matchmaking_manager.go:237.111,252.16 6 0
septica-backend/internal/ai/ai_matchmaking_manager.go:252.16,258.3 2 0
septica-backend/internal/ai/ai_matchmaking_manager.go:261.2,267.16 5 0
septica-backend/internal/ai/ai_matchmaking_manager.go:267.16,272.3 1 0
septica-backend/internal/ai/ai_matchmaking_manager.go:274.2,284.16 3 0
septica-backend/internal/ai/ai_matchmaking_manager.go:284.16,296.3 6 0
septica-backend/internal/ai/ai_matchmaking_manager.go:299.2,299.47 1 0
septica-backend/internal/ai/ai_matchmaking_manager.go:303.58,307.71 3 1
septica-backend/internal/ai/ai_matchmaking_manager.go:307.71,309.25 2 1
septica-backend/internal/ai/ai_matchmaking_manager.go:309.25,311.4 1 1
septica-backend/internal/ai/ai_matchmaking_manager.go:314.2,314.17 1 0
septica-backend/internal/ai/ai_matchmaking_manager.go:318.70,324.42 4 1
septica-backend/internal/ai/ai_matchmaking_manager.go:324.42,326.3 1 1
septica-backend/internal/ai/ai_matchmaking_manager.go:327.2,327.42 1 1
septica-backend/internal/ai/ai_matchmaking_manager.go:327.42,329.3 1 1
septica-backend/internal/ai/ai_matchmaking_manager.go:332.2,333.22 2 1
septica-backend/internal/ai/ai_matchmaking_manager.go:333.22,335.3 1 0
septica-backend/internal/ai/ai_matchmaking_manager.go:337.2,338.33 2 1
septica-backend/internal/ai/ai_matchmaking_manager.go:342.73,346.16 3 1
septica-backend/internal/ai/ai_matchmaking_manager.go:346.16,349.3 1 1
septica-backend/internal/ai/ai_matchmaking_manager.go:349.8,360.17 3 1
septica-backend/internal/ai/ai_matchmaking_manager.go:360.17,362.86 1 1
septica-backend/internal/ai/ai_matchmaking_manager.go:362.86,364.5 1 0
septica-backend/internal/ai/ai_matchmaking_manager.go:364.10,366.5 1 1
septica-backend/internal/ai/ai_matchmaking_manager.go:371.2,373.16 3 1
septica-backend/internal/ai/ai_matchmaking_manager.go:373.16,377.3 2 1
septica-backend/internal/ai/ai_matchmaking_manager.go:380.2,382.16 3 1
septica-backend/internal/ai/ai_matchmaking_manager.go:382.16,384.3 1 0
septica-backend/internal/ai/ai_matchmaking_manager.go:386.2,386.12 1 1
septica-backend/internal/ai/ai_matchmaking_manager.go:390.89,393.2 2 0
septica-backend/internal/ai/ai_matchmaking_manager.go:396.64,399.13 3 1
septica-backend/internal/ai/ai_matchmaking_manager.go:399.13,402.3 2 0
septica-backend/internal/ai/ai_matchmaking_manager.go:404.2,410.54 4 1
septica-backend/internal/ai/ai_matchmaking_manager.go:414.55,418.2 3 1
septica-backend/internal/ai/ai_matchmaking_manager.go:421.65,423.2 1 1
septica-backend/internal/ai/ai_matchmaking_manager.go:426.74,431.2 2 1
septica-backend/internal/ai/ai_player.go:27.57,28.20 1 1
septica-backend/internal/ai/ai_player.go:29.14,37.4 1 1
septica-backend/internal/ai/ai_player.go:38.16,46.4 1 1
septica-backend/internal/ai/ai_player.go:47.14,55.4 1 1
septica-backend/internal/ai/ai_player.go:56.10,57.35 1 0
septica-backend/internal/ai/ai_player.go:76.82,95.2 5 1
septica-backend/internal/ai/ai_player.go:98.51,109.20 3 1
septica-backend/internal/ai/ai_player.go:110.14,111.23 1 1
septica-backend/internal/ai/ai_player.go:112.16,113.19 1 1
septica-backend/internal/ai/ai_player.go:114.14,115.20 1 1
septica-backend/internal/ai/ai_player.go:116.10,117.16 1 0
septica-backend/internal/ai/ai_player.go:120.2,121.43 2 1
septica-backend/internal/ai/ai_player.go:125.105,143.26 7 1
septica-backend/internal/ai/ai_player.go:143.26,150.3 2 1
septica-backend/internal/ai/ai_player.go:153.2,161.22 3 1
septica-backend/internal/ai/ai_player.go:165.59,175.2 6 1
septica-backend/internal/ai/ai_player.go:178.83,181.31 2 1
septica-backend/internal/ai/ai_player.go:181.31,182.38 1 1
septica-backend/internal/ai/ai_player.go:182.38,184.4 1 1
septica-backend/internal/ai/ai_player.go:187.2,187.19 1 1
septica-backend/internal/ai/ai_player.go:191.90,195.2 1 1
septica-backend/internal/ai/ai_player.go:198.124,199.26 1 1
septica-backend/internal/ai/ai_player.go:199.26,201.3 1 0
septica-backend/internal/ai/ai_player.go:204.2,205.34 2 1
septica-backend/internal/ai/ai_player.go:205.34,207.3 1 1
septica-backend/internal/ai/ai_player.go:210.2,210.45 1 1
septica-backend/internal/ai/ai_player.go:210.45,212.3 1 1
septica-backend/internal/ai/ai_player.go:215.2,216.36 2 1
septica-backend/internal/ai/ai_player.go:216.36,219.40 2 1
septica-backend/internal/ai/ai_player.go:219.40,221.4 1 1
septica-backend/internal/ai/ai_player.go:221.9,221.48 1 0
septica-backend/internal/ai/ai_player.go:221.48,223.4 1 0
septica-backend/internal/ai/ai_player.go:223.9,225.4 1 0
septica-backend/internal/ai/ai_player.go:226.8,226.45 1 1
septica-backend/internal/ai/ai_player.go:226.45,229.40 2 0
septica-backend/internal/ai/ai_player.go:229.40,231.4 1 0
septica-backend/internal/ai/ai_player.go:231.9,231.47 1 0
septica-backend/internal/ai/ai_player.go:231.47,233.4 1 0
septica-backend/internal/ai/ai_player.go:233.9,235.4 1 0
septica-backend/internal/ai/ai_player.go:236.8,239.40 2 1
septica-backend/internal/ai/ai_player.go:239.40,241.4 1 1
septica-backend/internal/ai/ai_player.go:241.9,241.48 1 0
septica-backend/internal/ai/ai_player.go:241.48,243.4 1 0
septica-backend/internal/ai/ai_player.go:243.9,245.4 1 0
septica-backend/internal/ai/ai_player.go:248.2,252.3 1 1
septica-backend/internal/ai/ai_player.go:256.91,263.21 3 1
septica-backend/internal/ai/ai_player.go:263.21,266.26 2 1
septica-backend/internal/ai/ai_player.go:266.26,268.4 1 1
septica-backend/internal/ai/ai_player.go:270.3,270.53 1 1
septica-backend/internal/ai/ai_player.go:270.53,272.4 1 0
septica-backend/internal/ai/ai_player.go:272.9,274.4 1 1
septica-backend/internal/ai/ai_player.go:278.2,278.39 1 1
septica-backend/internal/ai/ai_player.go:278.39,279.36 1 1
septica-backend/internal/ai/ai_player.go:279.36,281.9 2 1
septica-backend/internal/ai/ai_player.go:287.2,287.21 1 1
septica-backend/internal/ai/ai_player.go:287.21,294.26 1 0
septica-backend/internal/ai/ai_player.go:294.26,296.4 1 0
septica-backend/internal/ai/ai_player.go:296.9,298.4 1 0
septica-backend/internal/ai/ai_player.go:301.3,301.51 1 0
septica-backend/internal/ai/ai_player.go:301.51,303.4 1 0
septica-backend/internal/ai/ai_player.go:307.2,308.39 2 1
septica-backend/internal/ai/ai_player.go:308.39,309.53 1 1
septica-backend/internal/ai/ai_player.go:309.53,311.4 1 1
septica-backend/internal/ai/ai_player.go:314.2,314.27 1 1
septica-backend/internal/ai/ai_player.go:314.27,317.3 1 1
septica-backend/internal/ai/ai_player.go:320.2,320.23 1 1
septica-backend/internal/ai/ai_player.go:320.23,323.3 1 1
septica-backend/internal/ai/ai_player.go:326.2,326.42 1 1
septica-backend/internal/ai/ai_player.go:326.42,327.53 1 1
septica-backend/internal/ai/ai_player.go:327.53,329.4 1 1
septica-backend/internal/ai/ai_player.go:333.2,336.14 3 1
septica-backend/internal/ai/ai_player.go:340.54,355.2 1 1
septica-backend/internal/ai/ai_player.go:358.33,360.2 1 0
septica-backend/internal/ai/ai_websocket_client.go:37.103,56.2 4 1
septica-backend/internal/ai/ai_websocket_client.go:59.45,63.19 3 1
septica-backend/internal/ai/ai_websocket_client.go:63.19,65.3 1 0
septica-backend/internal/ai/ai_websocket_client.go:68.2,69.16 2 1
septica-backend/internal/ai/ai_websocket_client.go:69.16,71.3 1 0
septica-backend/internal/ai/ai_websocket_client.go:73.2,82.12 4 1
septica-backend/internal/ai/ai_websocket_client.go:86.48,90.20 3 1
septica-backend/internal/ai/ai_websocket_client.go:90.20,92.3 1 0
septica-backend/internal/ai/ai_websocket_client.go:95.2,106.12 5 1
septica-backend/internal/ai/ai_websocket_client.go:110.74,114.20 3 1
septica-backend/internal/ai/ai_websocket_client.go:114.20,116.3 1 0
septica-backend/internal/ai/ai_websocket_client.go:118.2,118.9 1 1
septica-backend/internal/ai/ai_websocket_client.go:119.32,120.13 1 1
septica-backend/internal/ai/ai_websocket_client.go:121.37,122.52 1 0
septica-backend/internal/ai/ai_websocket_client.go:127.47,130.6 2 1
septica-backend/internal/ai/ai_websocket_client.go:130.6,131.10 1 1
septica-backend/internal/ai/ai_websocket_client.go:132.35,133.28 1 1
septica-backend/internal/ai/ai_websocket_client.go:134.21,136.10 2 1
septica-backend/internal/ai/ai_websocket_client.go:142.70,148.22 2 1
septica-backend/internal/ai/ai_websocket_client.go:149.21,150.30 1 1
septica-backend/internal/ai/ai_websocket_client.go:151.20,152.29 1 1
septica-backend/internal/ai/ai_websocket_client.go:153.20,154.29 1 1
septica-backend/internal/ai/ai_websocket_client.go:155.21,156.30 1 0
septica-backend/internal/ai/ai_websocket_client.go:157.22,158.31 1 1
septica-backend/internal/ai/ai_websocket_client.go:159.20,160.29 1 1
septica-backend/internal/ai/ai_websocket_client.go:161.15,162.25 1 1
septica-backend/internal/ai/ai_websocket_client.go:163.10,166.33 1 1
septica-backend/internal/ai/ai_websocket_client.go:171.73,174.27 2 1
septica-backend/internal/ai/ai_websocket_client.go:174.27,176.3 1 1
septica-backend/internal/ai/ai_websocket_client.go:176.8,176.35 1 0
septica-backend/internal/ai/ai_websocket_client.go:176.35,177.63 1 0
septica-backend/internal/ai/ai_websocket_client.go:177.63,178.58 1 0
septica-backend/internal/ai/ai_websocket_client.go:178.58,180.5 1 0
septica-backend/internal/ai/ai_websocket_client.go:184.2,184.19 1 1
septica-backend/internal/ai/ai_websocket_client.go:184.19,187.3 2 0
septica-backend/internal/ai/ai_websocket_client.go:189.2,207.31 5 1
septica-backend/internal/ai/ai_websocket_client.go:211.72,213.19 2 1
septica-backend/internal/ai/ai_websocket_client.go:213.19,216.3 2 0
septica-backend/internal/ai/ai_websocket_client.go:218.2,235.31 5 1
septica-backend/internal/ai/ai_websocket_client.go:239.72,240.27 1 1
septica-backend/internal/ai/ai_websocket_client.go:240.27,242.3 1 0
septica-backend/internal/ai/ai_websocket_client.go:245.2,246.28 2 1
septica-backend/internal/ai/ai_websocket_client.go:246.28,248.17 2 1
septica-backend/internal/ai/ai_websocket_client.go:248.17,251.4 2 0
septica-backend/internal/ai/ai_websocket_client.go:253.3,254.17 2 1
septica-backend/internal/ai/ai_websocket_client.go:254.17,257.4 2 0
septica-backend/internal/ai/ai_websocket_client.go:260.2,264.75 3 1
septica-backend/internal/ai/ai_websocket_client.go:264.75,269.3 2 1
septica-backend/internal/ai/ai_websocket_client.go:273.73,276.2 1 0
septica-backend/internal/ai/ai_websocket_client.go:279.74,280.46 1 1
septica-backend/internal/ai/ai_websocket_client.go:280.46,283.3 2 1
septica-backend/internal/ai/ai_websocket_client.go:287.72,296.2 5 1
septica-backend/internal/ai/ai_websocket_client.go:299.68,303.2 1 1
septica-backend/internal/ai/ai_websocket_client.go:306.79,307.21 1 1
septica-backend/internal/ai/ai_websocket_client.go:307.21,309.3 1 0
septica-backend/internal/ai/ai_websocket_client.go:311.2,315.16 3 1
septica-backend/internal/ai/ai_websocket_client.go:315.16,318.3 2 0
septica-backend/internal/ai/ai_websocket_client.go:321.2,322.50 2 1
septica-backend/internal/ai/ai_websocket_client.go:322.50,332.3 1 1
septica-backend/internal/ai/ai_websocket_client.go:332.8,337.3 1 1
septica-backend/internal/ai/ai_websocket_client.go:340.2,354.21 3 1
septica-backend/internal/ai/ai_websocket_client.go:358.74,361.12 1 1
septica-backend/internal/ai/ai_websocket_client.go:361.12,366.17 3 1
septica-backend/internal/ai/ai_websocket_client.go:366.17,371.4 1 1
septica-backend/internal/ai/ai_websocket_client.go:376.69,377.20 1 0
septica-backend/internal/ai/ai_websocket_client.go:377.20,379.3 1 0
septica-backend/internal/ai/ai_websocket_client.go:381.2,393.12 3 0
septica-backend/internal/ai/ai_websocket_client.go:397.44,401.2 3 1
septica-backend/internal/ai/ai_websocket_client.go:404.51,406.2 1 0
septica-backend/internal/ai/ai_websocket_client.go:409.54,411.2 1 0
